[2024-09-19T18:26:13.874+0000][0.029s] Using G1
[2024-09-19T18:26:13.977+0000][0.132s] Version: 17.0.12+7 (release)
[2024-09-19T18:26:13.977+0000][0.132s] CPUs: 4 total, 4 available
[2024-09-19T18:26:13.977+0000][0.132s] Memory: 1858M
[2024-09-19T18:26:13.977+0000][0.132s] Large Page Support: Disabled
[2024-09-19T18:26:13.977+0000][0.132s] NUMA Support: Disabled
[2024-09-19T18:26:13.977+0000][0.132s] Compressed Oops: Enabled (32-bit)
[2024-09-19T18:26:13.977+0000][0.132s] Heap Region Size: 1M
[2024-09-19T18:26:13.977+0000][0.132s] Heap Min Capacity: 512M
[2024-09-19T18:26:13.977+0000][0.132s] Heap Initial Capacity: 512M
[2024-09-19T18:26:13.977+0000][0.132s] Heap Max Capacity: 512M
[2024-09-19T18:26:13.977+0000][0.132s] Pre-touch: Enabled
[2024-09-19T18:26:13.977+0000][0.132s] Parallel Workers: 4
[2024-09-19T18:26:13.977+0000][0.132s] Concurrent Workers: 1
[2024-09-19T18:26:13.977+0000][0.132s] Concurrent Refinement Workers: 4
[2024-09-19T18:26:13.977+0000][0.132s] Periodic GC: Disabled
[2024-09-19T18:26:14.016+0000][0.171s] CDS archive(s) mapped at: [0x00007f6c9f000000-0x00007f6c9fa60000-0x00007f6c9fa60000), size 10878976, SharedBaseAddress: 0x00007f6c9f000000, ArchiveRelocationMode: 1.
[2024-09-19T18:26:14.016+0000][0.171s] Compressed class space mapped at: 0x00007f6ca0000000-0x00007f6ce0000000, reserved size: 1073741824
[2024-09-19T18:26:14.016+0000][0.171s] Narrow klass base: 0x00007f6c9f000000, Narrow klass shift: 0, Narrow klass range: 0x100000000
[2024-09-19T18:26:16.175+0000][2.330s] GC(0) Pause Young (Normal) (G1 Evacuation Pause)
[2024-09-19T18:26:16.175+0000][2.330s] GC(0) Using 4 workers of 4 for evacuation
[2024-09-19T18:26:16.180+0000][2.335s] GC(0)   Pre Evacuate Collection Set: 0.2ms
[2024-09-19T18:26:16.180+0000][2.335s] GC(0)   Merge Heap Roots: 0.1ms
[2024-09-19T18:26:16.180+0000][2.335s] GC(0)   Evacuate Collection Set: 3.8ms
[2024-09-19T18:26:16.180+0000][2.335s] GC(0)   Post Evacuate Collection Set: 0.6ms
[2024-09-19T18:26:16.180+0000][2.335s] GC(0)   Other: 0.2ms
[2024-09-19T18:26:16.180+0000][2.335s] GC(0) Eden regions: 25->0(37)
[2024-09-19T18:26:16.180+0000][2.335s] GC(0) Survivor regions: 0->4(4)
[2024-09-19T18:26:16.180+0000][2.335s] GC(0) Old regions: 0->0
[2024-09-19T18:26:16.180+0000][2.335s] GC(0) Archive regions: 2->2
[2024-09-19T18:26:16.180+0000][2.335s] GC(0) Humongous regions: 0->0
[2024-09-19T18:26:16.180+0000][2.335s] GC(0) Metaspace: 8883K(9152K)->8883K(9152K) NonClass: 7793K(7936K)->7793K(7936K) Class: 1089K(1216K)->1089K(1216K)
[2024-09-19T18:26:16.180+0000][2.335s] GC(0) Pause Young (Normal) (G1 Evacuation Pause) 25M->4M(512M) 4.941ms
[2024-09-19T18:26:16.180+0000][2.335s] GC(0) User=0.01s Sys=0.00s Real=0.00s
[2024-09-19T18:26:17.570+0000][3.725s] GC(1) Pause Young (Normal) (G1 Evacuation Pause)
[2024-09-19T18:26:17.571+0000][3.726s] GC(1) Using 4 workers of 4 for evacuation
[2024-09-19T18:26:17.588+0000][3.743s] GC(1)   Pre Evacuate Collection Set: 0.2ms
[2024-09-19T18:26:17.588+0000][3.743s] GC(1)   Merge Heap Roots: 0.1ms
[2024-09-19T18:26:17.589+0000][3.744s] GC(1)   Evacuate Collection Set: 16.2ms
[2024-09-19T18:26:17.589+0000][3.744s] GC(1)   Post Evacuate Collection Set: 1.3ms
[2024-09-19T18:26:17.589+0000][3.744s] GC(1)   Other: 0.2ms
[2024-09-19T18:26:17.589+0000][3.744s] GC(1) Eden regions: 34->0(49)
[2024-09-19T18:26:17.589+0000][3.744s] GC(1) Survivor regions: 4->5(5)
[2024-09-19T18:26:17.589+0000][3.744s] GC(1) Old regions: 0->9
[2024-09-19T18:26:17.589+0000][3.744s] GC(1) Archive regions: 2->2
[2024-09-19T18:26:17.589+0000][3.744s] GC(1) Humongous regions: 4->4
[2024-09-19T18:26:17.589+0000][3.744s] GC(1) Metaspace: 17372K(17664K)->17372K(17664K) NonClass: 15216K(15360K)->15216K(15360K) Class: 2155K(2304K)->2155K(2304K)
[2024-09-19T18:26:17.589+0000][3.744s] GC(1) Pause Young (Normal) (G1 Evacuation Pause) 42M->17M(512M) 18.103ms
[2024-09-19T18:26:17.589+0000][3.744s] GC(1) User=0.05s Sys=0.00s Real=0.02s
[2024-09-19T18:26:18.127+0000][4.282s] GC(2) Pause Young (Normal) (G1 Evacuation Pause)
[2024-09-19T18:26:18.127+0000][4.282s] GC(2) Using 4 workers of 4 for evacuation
[2024-09-19T18:26:18.134+0000][4.289s] GC(2)   Pre Evacuate Collection Set: 0.2ms
[2024-09-19T18:26:18.134+0000][4.289s] GC(2)   Merge Heap Roots: 0.1ms
[2024-09-19T18:26:18.134+0000][4.289s] GC(2)   Evacuate Collection Set: 6.1ms
[2024-09-19T18:26:18.134+0000][4.289s] GC(2)   Post Evacuate Collection Set: 0.8ms
[2024-09-19T18:26:18.134+0000][4.289s] GC(2)   Other: 0.2ms
[2024-09-19T18:26:18.134+0000][4.289s] GC(2) Eden regions: 49->0(89)
[2024-09-19T18:26:18.134+0000][4.289s] GC(2) Survivor regions: 5->5(7)
[2024-09-19T18:26:18.134+0000][4.289s] GC(2) Old regions: 9->14
[2024-09-19T18:26:18.134+0000][4.289s] GC(2) Archive regions: 2->2
[2024-09-19T18:26:18.134+0000][4.289s] GC(2) Humongous regions: 4->4
[2024-09-19T18:26:18.134+0000][4.289s] GC(2) Metaspace: 17909K(18176K)->17909K(18176K) NonClass: 15700K(15872K)->15700K(15872K) Class: 2209K(2304K)->2209K(2304K)
[2024-09-19T18:26:18.134+0000][4.289s] GC(2) Pause Young (Normal) (G1 Evacuation Pause) 66M->23M(512M) 7.532ms
[2024-09-19T18:26:18.134+0000][4.289s] GC(2) User=0.03s Sys=0.00s Real=0.01s
[2024-09-19T18:26:19.308+0000][5.463s] GC(3) Pause Young (Concurrent Start) (Metadata GC Threshold)
[2024-09-19T18:26:19.308+0000][5.463s] GC(3) Using 4 workers of 4 for evacuation
[2024-09-19T18:26:19.314+0000][5.469s] GC(3)   Pre Evacuate Collection Set: 0.2ms
[2024-09-19T18:26:19.314+0000][5.469s] GC(3)   Merge Heap Roots: 0.1ms
[2024-09-19T18:26:19.314+0000][5.469s] GC(3)   Evacuate Collection Set: 4.7ms
[2024-09-19T18:26:19.314+0000][5.469s] GC(3)   Post Evacuate Collection Set: 1.2ms
[2024-09-19T18:26:19.314+0000][5.469s] GC(3)   Other: 0.3ms
[2024-09-19T18:26:19.314+0000][5.469s] GC(3) Eden regions: 44->0(173)
[2024-09-19T18:26:19.314+0000][5.469s] GC(3) Survivor regions: 5->6(12)
[2024-09-19T18:26:19.314+0000][5.469s] GC(3) Old regions: 14->14
[2024-09-19T18:26:19.314+0000][5.469s] GC(3) Archive regions: 2->2
[2024-09-19T18:26:19.314+0000][5.469s] GC(3) Humongous regions: 4->4
[2024-09-19T18:26:19.314+0000][5.469s] GC(3) Metaspace: 21219K(21504K)->21219K(21504K) NonClass: 18602K(18752K)->18602K(18752K) Class: 2617K(2752K)->2617K(2752K)
[2024-09-19T18:26:19.314+0000][5.469s] GC(3) Pause Young (Concurrent Start) (Metadata GC Threshold) 67M->24M(512M) 6.666ms
[2024-09-19T18:26:19.314+0000][5.469s] GC(3) User=0.02s Sys=0.00s Real=0.01s
[2024-09-19T18:26:19.316+0000][5.471s] GC(4) Concurrent Mark Cycle
[2024-09-19T18:26:19.316+0000][5.471s] GC(4) Concurrent Clear Claimed Marks
[2024-09-19T18:26:19.316+0000][5.471s] GC(4) Concurrent Clear Claimed Marks 0.053ms
[2024-09-19T18:26:19.316+0000][5.471s] GC(4) Concurrent Scan Root Regions
[2024-09-19T18:26:19.319+0000][5.474s] GC(4) Concurrent Scan Root Regions 3.745ms
[2024-09-19T18:26:19.319+0000][5.474s] GC(4) Concurrent Mark
[2024-09-19T18:26:19.319+0000][5.474s] GC(4) Concurrent Mark From Roots
[2024-09-19T18:26:19.319+0000][5.474s] GC(4) Using 1 workers of 1 for marking
[2024-09-19T18:26:19.371+0000][5.526s] GC(4) Concurrent Mark From Roots 51.885ms
[2024-09-19T18:26:19.371+0000][5.526s] GC(4) Concurrent Preclean
[2024-09-19T18:26:19.372+0000][5.527s] GC(4) Concurrent Preclean 0.147ms
[2024-09-19T18:26:19.372+0000][5.527s] GC(4) Pause Remark
[2024-09-19T18:26:19.376+0000][5.531s] GC(4) Pause Remark 26M->26M(512M) 4.091ms
[2024-09-19T18:26:19.376+0000][5.531s] GC(4) User=0.01s Sys=0.00s Real=0.01s
[2024-09-19T18:26:19.376+0000][5.531s] GC(4) Concurrent Mark 56.557ms
[2024-09-19T18:26:19.376+0000][5.531s] GC(4) Concurrent Rebuild Remembered Sets
[2024-09-19T18:26:19.393+0000][5.548s] GC(4) Concurrent Rebuild Remembered Sets 16.852ms
[2024-09-19T18:26:19.393+0000][5.548s] GC(4) Pause Cleanup
[2024-09-19T18:26:19.393+0000][5.548s] GC(4) Pause Cleanup 27M->27M(512M) 0.264ms
[2024-09-19T18:26:19.393+0000][5.548s] GC(4) User=0.00s Sys=0.00s Real=0.00s
[2024-09-19T18:26:19.393+0000][5.548s] GC(4) Concurrent Cleanup for Next Mark
[2024-09-19T18:26:19.394+0000][5.549s] GC(4) Concurrent Cleanup for Next Mark 0.824ms
[2024-09-19T18:26:19.394+0000][5.549s] GC(4) Concurrent Mark Cycle 78.741ms
[2024-09-19T18:26:23.063+0000][9.218s] GC(5) Pause Young (Concurrent Start) (Metadata GC Threshold)
[2024-09-19T18:26:23.063+0000][9.218s] GC(5) Using 4 workers of 4 for evacuation
[2024-09-19T18:26:23.084+0000][9.239s] GC(5)   Pre Evacuate Collection Set: 0.2ms
[2024-09-19T18:26:23.084+0000][9.239s] GC(5)   Merge Heap Roots: 0.1ms
[2024-09-19T18:26:23.084+0000][9.239s] GC(5)   Evacuate Collection Set: 16.8ms
[2024-09-19T18:26:23.084+0000][9.239s] GC(5)   Post Evacuate Collection Set: 3.1ms
[2024-09-19T18:26:23.084+0000][9.239s] GC(5)   Other: 0.3ms
[2024-09-19T18:26:23.084+0000][9.239s] GC(5) Eden regions: 93->0(295)
[2024-09-19T18:26:23.084+0000][9.239s] GC(5) Survivor regions: 6->12(25)
[2024-09-19T18:26:23.084+0000][9.239s] GC(5) Old regions: 14->14
[2024-09-19T18:26:23.084+0000][9.239s] GC(5) Archive regions: 2->2
[2024-09-19T18:26:23.084+0000][9.239s] GC(5) Humongous regions: 4->4
[2024-09-19T18:26:23.084+0000][9.239s] GC(5) Metaspace: 35758K(36160K)->35758K(36160K) NonClass: 31255K(31424K)->31255K(31424K) Class: 4503K(4736K)->4503K(4736K)
[2024-09-19T18:26:23.084+0000][9.239s] GC(5) Pause Young (Concurrent Start) (Metadata GC Threshold) 116M->30M(512M) 20.588ms
[2024-09-19T18:26:23.084+0000][9.239s] GC(5) User=0.07s Sys=0.01s Real=0.02s
[2024-09-19T18:26:23.084+0000][9.239s] GC(6) Concurrent Mark Cycle
[2024-09-19T18:26:23.087+0000][9.242s] GC(6) Concurrent Clear Claimed Marks
[2024-09-19T18:26:23.087+0000][9.242s] GC(6) Concurrent Clear Claimed Marks 0.084ms
[2024-09-19T18:26:23.087+0000][9.242s] GC(6) Concurrent Scan Root Regions
[2024-09-19T18:26:23.105+0000][9.260s] GC(6) Concurrent Scan Root Regions 18.414ms
[2024-09-19T18:26:23.105+0000][9.260s] GC(6) Concurrent Mark
[2024-09-19T18:26:23.105+0000][9.260s] GC(6) Concurrent Mark From Roots
[2024-09-19T18:26:23.106+0000][9.261s] GC(6) Using 1 workers of 1 for marking
[2024-09-19T18:26:23.161+0000][9.316s] GC(6) Concurrent Mark From Roots 55.003ms
[2024-09-19T18:26:23.161+0000][9.316s] GC(6) Concurrent Preclean
[2024-09-19T18:26:23.161+0000][9.316s] GC(6) Concurrent Preclean 0.127ms
[2024-09-19T18:26:23.161+0000][9.316s] GC(6) Pause Remark
[2024-09-19T18:26:23.168+0000][9.323s] GC(6) Pause Remark 32M->32M(512M) 6.676ms
[2024-09-19T18:26:23.168+0000][9.323s] GC(6) User=0.02s Sys=0.00s Real=0.01s
[2024-09-19T18:26:23.168+0000][9.323s] GC(6) Concurrent Mark 62.273ms
[2024-09-19T18:26:23.168+0000][9.323s] GC(6) Concurrent Rebuild Remembered Sets
[2024-09-19T18:26:23.210+0000][9.365s] GC(6) Concurrent Rebuild Remembered Sets 42.474ms
[2024-09-19T18:26:23.211+0000][9.366s] GC(6) Pause Cleanup
[2024-09-19T18:26:23.211+0000][9.366s] GC(6) Pause Cleanup 32M->32M(512M) 0.299ms
[2024-09-19T18:26:23.211+0000][9.366s] GC(6) User=0.00s Sys=0.00s Real=0.00s
[2024-09-19T18:26:23.214+0000][9.369s] GC(6) Concurrent Cleanup for Next Mark
[2024-09-19T18:26:23.215+0000][9.370s] GC(6) Concurrent Cleanup for Next Mark 1.248ms
[2024-09-19T18:26:23.215+0000][9.370s] GC(6) Concurrent Mark Cycle 130.943ms
[2024-09-19T18:34:35.717+0000][501.873s] Heap
[2024-09-19T18:34:35.717+0000][501.873s]  garbage-first heap   total 524288K, used 202286K [0x00000000e0000000, 0x0000000100000000)
[2024-09-19T18:34:35.717+0000][501.873s]   region size 1024K, 180 young (184320K), 12 survivors (12288K)
[2024-09-19T18:34:35.717+0000][501.873s]  Metaspace       used 51723K, committed 52160K, reserved 1114112K
[2024-09-19T18:34:35.717+0000][501.873s]   class space    used 6682K, committed 6912K, reserved 1048576K
