[2024-09-19T18:48:27.830+0000][0.040s] Using G1
[2024-09-19T18:48:28.198+0000][0.408s] Version: 17.0.12+7 (release)
[2024-09-19T18:48:28.198+0000][0.408s] CPUs: 4 total, 4 available
[2024-09-19T18:48:28.198+0000][0.408s] Memory: 1858M
[2024-09-19T18:48:28.198+0000][0.408s] Large Page Support: Disabled
[2024-09-19T18:48:28.198+0000][0.409s] NUMA Support: Disabled
[2024-09-19T18:48:28.198+0000][0.409s] Compressed Oops: Enabled (32-bit)
[2024-09-19T18:48:28.198+0000][0.409s] Heap Region Size: 1M
[2024-09-19T18:48:28.198+0000][0.409s] Heap Min Capacity: 512M
[2024-09-19T18:48:28.198+0000][0.409s] Heap Initial Capacity: 512M
[2024-09-19T18:48:28.198+0000][0.409s] Heap Max Capacity: 512M
[2024-09-19T18:48:28.198+0000][0.409s] Pre-touch: Enabled
[2024-09-19T18:48:28.198+0000][0.409s] Parallel Workers: 4
[2024-09-19T18:48:28.198+0000][0.409s] Concurrent Workers: 1
[2024-09-19T18:48:28.198+0000][0.409s] Concurrent Refinement Workers: 4
[2024-09-19T18:48:28.198+0000][0.409s] Periodic GC: Disabled
[2024-09-19T18:48:28.205+0000][0.416s] CDS archive(s) mapped at: [0x00007f93d7000000-0x00007f93d7a60000-0x00007f93d7a60000), size 10878976, SharedBaseAddress: 0x00007f93d7000000, ArchiveRelocationMode: 1.
[2024-09-19T18:48:28.206+0000][0.416s] Compressed class space mapped at: 0x00007f93d8000000-0x00007f9418000000, reserved size: 1073741824
[2024-09-19T18:48:28.206+0000][0.416s] Narrow klass base: 0x00007f93d7000000, Narrow klass shift: 0, Narrow klass range: 0x100000000
[2024-09-19T18:48:32.558+0000][4.769s] GC(0) Pause Young (Normal) (G1 Evacuation Pause)
[2024-09-19T18:48:32.558+0000][4.769s] GC(0) Using 4 workers of 4 for evacuation
[2024-09-19T18:48:32.564+0000][4.774s] GC(0)   Pre Evacuate Collection Set: 0.2ms
[2024-09-19T18:48:32.564+0000][4.774s] GC(0)   Merge Heap Roots: 0.3ms
[2024-09-19T18:48:32.564+0000][4.774s] GC(0)   Evacuate Collection Set: 3.9ms
[2024-09-19T18:48:32.564+0000][4.774s] GC(0)   Post Evacuate Collection Set: 1.0ms
[2024-09-19T18:48:32.564+0000][4.774s] GC(0)   Other: 0.4ms
[2024-09-19T18:48:32.564+0000][4.774s] GC(0) Eden regions: 25->0(37)
[2024-09-19T18:48:32.564+0000][4.774s] GC(0) Survivor regions: 0->4(4)
[2024-09-19T18:48:32.564+0000][4.774s] GC(0) Old regions: 0->0
[2024-09-19T18:48:32.564+0000][4.774s] GC(0) Archive regions: 2->2
[2024-09-19T18:48:32.564+0000][4.774s] GC(0) Humongous regions: 0->0
[2024-09-19T18:48:32.564+0000][4.774s] GC(0) Metaspace: 8885K(9152K)->8885K(9152K) NonClass: 7794K(7936K)->7794K(7936K) Class: 1090K(1216K)->1090K(1216K)
[2024-09-19T18:48:32.564+0000][4.774s] GC(0) Pause Young (Normal) (G1 Evacuation Pause) 25M->4M(512M) 5.983ms
[2024-09-19T18:48:32.564+0000][4.775s] GC(0) User=0.01s Sys=0.00s Real=0.01s
[2024-09-19T18:48:34.561+0000][6.772s] GC(1) Pause Young (Normal) (G1 Evacuation Pause)
[2024-09-19T18:48:34.561+0000][6.772s] GC(1) Using 4 workers of 4 for evacuation
[2024-09-19T18:48:34.576+0000][6.787s] GC(1)   Pre Evacuate Collection Set: 0.1ms
[2024-09-19T18:48:34.576+0000][6.787s] GC(1)   Merge Heap Roots: 0.1ms
[2024-09-19T18:48:34.576+0000][6.787s] GC(1)   Evacuate Collection Set: 13.9ms
[2024-09-19T18:48:34.576+0000][6.787s] GC(1)   Post Evacuate Collection Set: 0.8ms
[2024-09-19T18:48:34.576+0000][6.787s] GC(1)   Other: 0.2ms
[2024-09-19T18:48:34.576+0000][6.787s] GC(1) Eden regions: 34->0(50)
[2024-09-19T18:48:34.576+0000][6.787s] GC(1) Survivor regions: 4->5(5)
[2024-09-19T18:48:34.576+0000][6.787s] GC(1) Old regions: 0->9
[2024-09-19T18:48:34.576+0000][6.787s] GC(1) Archive regions: 2->2
[2024-09-19T18:48:34.576+0000][6.787s] GC(1) Humongous regions: 4->4
[2024-09-19T18:48:34.576+0000][6.787s] GC(1) Metaspace: 17372K(17664K)->17372K(17664K) NonClass: 15217K(15360K)->15217K(15360K) Class: 2154K(2304K)->2154K(2304K)
[2024-09-19T18:48:34.576+0000][6.787s] GC(1) Pause Young (Normal) (G1 Evacuation Pause) 42M->17M(512M) 15.126ms
[2024-09-19T18:48:34.576+0000][6.787s] GC(1) User=0.05s Sys=0.01s Real=0.02s
[2024-09-19T18:48:36.260+0000][8.471s] GC(2) Pause Young (Normal) (G1 Evacuation Pause)
[2024-09-19T18:48:36.260+0000][8.471s] GC(2) Using 4 workers of 4 for evacuation
[2024-09-19T18:48:36.275+0000][8.486s] GC(2)   Pre Evacuate Collection Set: 0.3ms
[2024-09-19T18:48:36.275+0000][8.486s] GC(2)   Merge Heap Roots: 0.2ms
[2024-09-19T18:48:36.275+0000][8.486s] GC(2)   Evacuate Collection Set: 12.5ms
[2024-09-19T18:48:36.275+0000][8.486s] GC(2)   Post Evacuate Collection Set: 1.6ms
[2024-09-19T18:48:36.275+0000][8.486s] GC(2)   Other: 0.5ms
[2024-09-19T18:48:36.275+0000][8.486s] GC(2) Eden regions: 50->0(95)
[2024-09-19T18:48:36.276+0000][8.486s] GC(2) Survivor regions: 5->5(7)
[2024-09-19T18:48:36.276+0000][8.486s] GC(2) Old regions: 9->15
[2024-09-19T18:48:36.276+0000][8.486s] GC(2) Archive regions: 2->2
[2024-09-19T18:48:36.276+0000][8.486s] GC(2) Humongous regions: 4->4
[2024-09-19T18:48:36.276+0000][8.486s] GC(2) Metaspace: 17952K(18304K)->17952K(18304K) NonClass: 15736K(15936K)->15736K(15936K) Class: 2216K(2368K)->2216K(2368K)
[2024-09-19T18:48:36.276+0000][8.486s] GC(2) Pause Young (Normal) (G1 Evacuation Pause) 67M->23M(512M) 15.391ms
[2024-09-19T18:48:36.276+0000][8.486s] GC(2) User=0.05s Sys=0.00s Real=0.02s
[2024-09-19T18:48:37.465+0000][9.675s] GC(3) Pause Young (Concurrent Start) (Metadata GC Threshold)
[2024-09-19T18:48:37.465+0000][9.675s] GC(3) Using 4 workers of 4 for evacuation
[2024-09-19T18:48:37.471+0000][9.681s] GC(3)   Pre Evacuate Collection Set: 0.2ms
[2024-09-19T18:48:37.471+0000][9.681s] GC(3)   Merge Heap Roots: 0.1ms
[2024-09-19T18:48:37.471+0000][9.681s] GC(3)   Evacuate Collection Set: 4.7ms
[2024-09-19T18:48:37.471+0000][9.681s] GC(3)   Post Evacuate Collection Set: 1.0ms
[2024-09-19T18:48:37.471+0000][9.681s] GC(3)   Other: 0.3ms
[2024-09-19T18:48:37.471+0000][9.681s] GC(3) Eden regions: 44->0(181)
[2024-09-19T18:48:37.471+0000][9.681s] GC(3) Survivor regions: 5->6(13)
[2024-09-19T18:48:37.471+0000][9.681s] GC(3) Old regions: 15->15
[2024-09-19T18:48:37.471+0000][9.681s] GC(3) Archive regions: 2->2
[2024-09-19T18:48:37.471+0000][9.681s] GC(3) Humongous regions: 4->4
[2024-09-19T18:48:37.471+0000][9.681s] GC(3) Metaspace: 21231K(21504K)->21231K(21504K) NonClass: 18610K(18752K)->18610K(18752K) Class: 2621K(2752K)->2621K(2752K)
[2024-09-19T18:48:37.471+0000][9.681s] GC(3) Pause Young (Concurrent Start) (Metadata GC Threshold) 67M->24M(512M) 6.570ms
[2024-09-19T18:48:37.471+0000][9.681s] GC(3) User=0.01s Sys=0.00s Real=0.00s
[2024-09-19T18:48:37.471+0000][9.682s] GC(4) Concurrent Mark Cycle
[2024-09-19T18:48:37.471+0000][9.682s] GC(4) Concurrent Clear Claimed Marks
[2024-09-19T18:48:37.471+0000][9.682s] GC(4) Concurrent Clear Claimed Marks 0.069ms
[2024-09-19T18:48:37.471+0000][9.682s] GC(4) Concurrent Scan Root Regions
[2024-09-19T18:48:37.474+0000][9.685s] GC(4) Concurrent Scan Root Regions 2.928ms
[2024-09-19T18:48:37.474+0000][9.685s] GC(4) Concurrent Mark
[2024-09-19T18:48:37.474+0000][9.685s] GC(4) Concurrent Mark From Roots
[2024-09-19T18:48:37.474+0000][9.685s] GC(4) Using 1 workers of 1 for marking
[2024-09-19T18:48:37.508+0000][9.718s] GC(4) Concurrent Mark From Roots 33.478ms
[2024-09-19T18:48:37.508+0000][9.718s] GC(4) Concurrent Preclean
[2024-09-19T18:48:37.508+0000][9.718s] GC(4) Concurrent Preclean 0.127ms
[2024-09-19T18:48:37.508+0000][9.719s] GC(4) Pause Remark
[2024-09-19T18:48:37.511+0000][9.722s] GC(4) Pause Remark 26M->26M(512M) 3.082ms
[2024-09-19T18:48:37.511+0000][9.722s] GC(4) User=0.01s Sys=0.00s Real=0.00s
[2024-09-19T18:48:37.511+0000][9.722s] GC(4) Concurrent Mark 37.072ms
[2024-09-19T18:48:37.511+0000][9.722s] GC(4) Concurrent Rebuild Remembered Sets
[2024-09-19T18:48:37.527+0000][9.738s] GC(4) Concurrent Rebuild Remembered Sets 15.711ms
[2024-09-19T18:48:37.528+0000][9.739s] GC(4) Pause Cleanup
[2024-09-19T18:48:37.529+0000][9.739s] GC(4) Pause Cleanup 26M->26M(512M) 0.169ms
[2024-09-19T18:48:37.529+0000][9.739s] GC(4) User=0.00s Sys=0.00s Real=0.00s
[2024-09-19T18:48:37.529+0000][9.739s] GC(4) Concurrent Cleanup for Next Mark
[2024-09-19T18:48:37.530+0000][9.740s] GC(4) Concurrent Cleanup for Next Mark 0.833ms
[2024-09-19T18:48:37.530+0000][9.740s] GC(4) Concurrent Mark Cycle 58.385ms
[2024-09-19T18:48:42.789+0000][14.999s] GC(5) Pause Young (Concurrent Start) (Metadata GC Threshold)
[2024-09-19T18:48:42.789+0000][14.999s] GC(5) Using 4 workers of 4 for evacuation
[2024-09-19T18:48:42.798+0000][15.009s] GC(5)   Pre Evacuate Collection Set: 0.2ms
[2024-09-19T18:48:42.799+0000][15.009s] GC(5)   Merge Heap Roots: 0.1ms
[2024-09-19T18:48:42.799+0000][15.009s] GC(5)   Evacuate Collection Set: 8.3ms
[2024-09-19T18:48:42.799+0000][15.009s] GC(5)   Post Evacuate Collection Set: 1.0ms
[2024-09-19T18:48:42.799+0000][15.009s] GC(5)   Other: 0.3ms
[2024-09-19T18:48:42.799+0000][15.009s] GC(5) Eden regions: 103->0(295)
[2024-09-19T18:48:42.799+0000][15.009s] GC(5) Survivor regions: 6->12(26)
[2024-09-19T18:48:42.799+0000][15.009s] GC(5) Old regions: 15->15
[2024-09-19T18:48:42.799+0000][15.009s] GC(5) Archive regions: 2->2
[2024-09-19T18:48:42.799+0000][15.009s] GC(5) Humongous regions: 4->4
[2024-09-19T18:48:42.799+0000][15.009s] GC(5) Metaspace: 35788K(36160K)->35788K(36160K) NonClass: 31287K(31424K)->31287K(31424K) Class: 4501K(4736K)->4501K(4736K)
[2024-09-19T18:48:42.799+0000][15.009s] GC(5) Pause Young (Concurrent Start) (Metadata GC Threshold) 127M->30M(512M) 10.060ms
[2024-09-19T18:48:42.799+0000][15.009s] GC(5) User=0.04s Sys=0.00s Real=0.01s
[2024-09-19T18:48:42.799+0000][15.009s] GC(6) Concurrent Mark Cycle
[2024-09-19T18:48:42.799+0000][15.009s] GC(6) Concurrent Clear Claimed Marks
[2024-09-19T18:48:42.799+0000][15.009s] GC(6) Concurrent Clear Claimed Marks 0.035ms
[2024-09-19T18:48:42.799+0000][15.009s] GC(6) Concurrent Scan Root Regions
[2024-09-19T18:48:42.807+0000][15.017s] GC(6) Concurrent Scan Root Regions 7.930ms
[2024-09-19T18:48:42.807+0000][15.017s] GC(6) Concurrent Mark
[2024-09-19T18:48:42.807+0000][15.017s] GC(6) Concurrent Mark From Roots
[2024-09-19T18:48:42.807+0000][15.017s] GC(6) Using 1 workers of 1 for marking
[2024-09-19T18:48:42.850+0000][15.060s] GC(6) Concurrent Mark From Roots 43.035ms
[2024-09-19T18:48:42.850+0000][15.060s] GC(6) Concurrent Preclean
[2024-09-19T18:48:42.850+0000][15.061s] GC(6) Concurrent Preclean 0.425ms
[2024-09-19T18:48:42.851+0000][15.062s] GC(6) Pause Remark
[2024-09-19T18:48:42.856+0000][15.066s] GC(6) Pause Remark 33M->33M(512M) 4.387ms
[2024-09-19T18:48:42.856+0000][15.066s] GC(6) User=0.01s Sys=0.01s Real=0.01s
[2024-09-19T18:48:42.856+0000][15.066s] GC(6) Concurrent Mark 49.267ms
[2024-09-19T18:48:42.856+0000][15.066s] GC(6) Concurrent Rebuild Remembered Sets
[2024-09-19T18:48:42.875+0000][15.085s] GC(6) Concurrent Rebuild Remembered Sets 18.757ms
[2024-09-19T18:48:42.875+0000][15.086s] GC(6) Pause Cleanup
[2024-09-19T18:48:42.876+0000][15.086s] GC(6) Pause Cleanup 34M->34M(512M) 0.332ms
[2024-09-19T18:48:42.876+0000][15.086s] GC(6) User=0.00s Sys=0.00s Real=0.00s
[2024-09-19T18:48:42.876+0000][15.086s] GC(6) Concurrent Cleanup for Next Mark
[2024-09-19T18:48:42.877+0000][15.087s] GC(6) Concurrent Cleanup for Next Mark 0.797ms
[2024-09-19T18:48:42.877+0000][15.087s] GC(6) Concurrent Mark Cycle 78.018ms
[2024-09-19T18:52:03.180+0000][215.390s] Heap
[2024-09-19T18:52:03.181+0000][215.391s]  garbage-first heap   total 524288K, used 200146K [0x00000000e0000000, 0x0000000100000000)
[2024-09-19T18:52:03.181+0000][215.391s]   region size 1024K, 177 young (181248K), 12 survivors (12288K)
[2024-09-19T18:52:03.181+0000][215.391s]  Metaspace       used 51670K, committed 52160K, reserved 1114112K
[2024-09-19T18:52:03.181+0000][215.391s]   class space    used 6678K, committed 6912K, reserved 1048576K
